// Jest Snapshot v1, https://goo.gl/fbAQLP

exports[`Check if Details page is rendering correctly 1`] = `","`;
